INFO:__main__:Started
INFO:__main__:bbcmp.py path: /home/don/sdscripts_ai/sdb_ai/sd64/gplbld/bbcmp.py
INFO:__main__:**********************************************************************
INFO:__main__:['/usr/local/sdsys', 'GPL.BP/_AK', 'PCODE.OUT/_AK']
pass 1 - resolve include files in: /usr/local/sdsys/GPL.BP/_AK
$INTERNAL Found, HDR.FLAGS updated !
Unknown Directive: $NO.SYMBOLS Skipped!
Unknown Directive: $NO.XREF Skipped!
$RECURSIVE Found, HDR.FLAGS updated !
Inserting: /usr/local/sdsys/GPL.BP/AK_INFO.H
Inserting: /usr/local/sdsys/GPL.BP/INT$KEYS.H
pass 2 - build token dictionary for: /home/don/sdscripts_ai/sdb_ai/sd64/pass1
compile: /home/don/sdscripts_ai/sdb_ai/sd64/pass2
290 to  process
comp finish
saving code_image to: /usr/local/sdsys/PCODE.OUT/_AK
complete

INFO:__main__:**********************************************************************
INFO:__main__:['/usr/local/sdsys', 'GPL.BP/_BINDKEY', 'PCODE.OUT/_BINDKEY']
pass 1 - resolve include files in: /usr/local/sdsys/GPL.BP/_BINDKEY
$INTERNAL Found, HDR.FLAGS updated !
$RECURSIVE Found, HDR.FLAGS updated !
Unknown Directive: $NO.SYMBOLS Skipped!
Unknown Directive: $NO.XREF Skipped!
Inserting: /usr/local/sdsys/GPL.BP/KEYCODE.H
pass 2 - build token dictionary for: /home/don/sdscripts_ai/sdb_ai/sd64/pass1
compile: /home/don/sdscripts_ai/sdb_ai/sd64/pass2
143 to  process
comp finish
saving code_image to: /usr/local/sdsys/PCODE.OUT/_BINDKEY
complete

INFO:__main__:**********************************************************************
INFO:__main__:['/usr/local/sdsys', 'GPL.BP/_BREAK', 'PCODE.OUT/_BREAK']
pass 1 - resolve include files in: /usr/local/sdsys/GPL.BP/_BREAK
$INTERNAL Found, HDR.FLAGS updated !
Unknown Directive: $NO.SYMBOLS Skipped!
Unknown Directive: $NO.XREF Skipped!
$RECURSIVE Found, HDR.FLAGS updated !
pass 2 - build token dictionary for: /home/don/sdscripts_ai/sdb_ai/sd64/pass1
compile: /home/don/sdscripts_ai/sdb_ai/sd64/pass2
47 to  process
comp finish
saving code_image to: /usr/local/sdsys/PCODE.OUT/_BREAK
complete

INFO:__main__:**********************************************************************
INFO:__main__:['/usr/local/sdsys', 'GPL.BP/_CCONV', 'PCODE.OUT/_CCONV']
pass 1 - resolve include files in: /usr/local/sdsys/GPL.BP/_CCONV
$INTERNAL Found, HDR.FLAGS updated !
Unknown Directive: $NO.SYMBOLS Skipped!
Unknown Directive: $NO.XREF Skipped!
$RECURSIVE Found, HDR.FLAGS updated !
pass 2 - build token dictionary for: /home/don/sdscripts_ai/sdb_ai/sd64/pass1
compile: /home/don/sdscripts_ai/sdb_ai/sd64/pass2
104 to  process
comp finish
saving code_image to: /usr/local/sdsys/PCODE.OUT/_CCONV
complete

INFO:__main__:**********************************************************************
INFO:__main__:['/usr/local/sdsys', 'GPL.BP/_CHAIN', 'PCODE.OUT/_CHAIN']
pass 1 - resolve include files in: /usr/local/sdsys/GPL.BP/_CHAIN
$INTERNAL Found, HDR.FLAGS updated !
Unknown Directive: $NO.SYMBOLS Skipped!
Unknown Directive: $NO.XREF Skipped!
$RECURSIVE Found, HDR.FLAGS updated !
Inserting: /usr/local/sdsys/GPL.BP/SYSCOM.H
pass 2 - build token dictionary for: /home/don/sdscripts_ai/sdb_ai/sd64/pass1
compile: /home/don/sdscripts_ai/sdb_ai/sd64/pass2
146 to  process
comp finish
saving code_image to: /usr/local/sdsys/PCODE.OUT/_CHAIN
complete

INFO:__main__:**********************************************************************
INFO:__main__:['/usr/local/sdsys', 'GPL.BP/_DATA', 'PCODE.OUT/_DATA']
pass 1 - resolve include files in: /usr/local/sdsys/GPL.BP/_DATA
$INTERNAL Found, HDR.FLAGS updated !
Unknown Directive: $NO.SYMBOLS Skipped!
Unknown Directive: $NO.XREF Skipped!
$RECURSIVE Found, HDR.FLAGS updated !
Inserting: /usr/local/sdsys/GPL.BP/SYSCOM.H
pass 2 - build token dictionary for: /home/don/sdscripts_ai/sdb_ai/sd64/pass1
compile: /home/don/sdscripts_ai/sdb_ai/sd64/pass2
125 to  process
comp finish
saving code_image to: /usr/local/sdsys/PCODE.OUT/_DATA
complete

INFO:__main__:**********************************************************************
INFO:__main__:['/usr/local/sdsys', 'GPL.BP/_DELLIST', 'PCODE.OUT/_DELLIST']
pass 1 - resolve include files in: /usr/local/sdsys/GPL.BP/_DELLIST
$INTERNAL Found, HDR.FLAGS updated !
Unknown Directive: $NO.SYMBOLS Skipped!
Unknown Directive: $NO.XREF Skipped!
$RECURSIVE Found, HDR.FLAGS updated !
Inserting: /usr/local/sdsys/GPL.BP/SYSCOM.H
pass 2 - build token dictionary for: /home/don/sdscripts_ai/sdb_ai/sd64/pass1
compile: /home/don/sdscripts_ai/sdb_ai/sd64/pass2
124 to  process
comp finish
saving code_image to: /usr/local/sdsys/PCODE.OUT/_DELLIST
complete

INFO:__main__:**********************************************************************
INFO:__main__:['/usr/local/sdsys', 'GPL.BP/_EXTENDLIST', 'PCODE.OUT/_EXTENDLIST']
pass 1 - resolve include files in: /usr/local/sdsys/GPL.BP/_EXTENDLIST
$INTERNAL Found, HDR.FLAGS updated !
Unknown Directive: $NO.SYMBOLS Skipped!
Unknown Directive: $NO.XREF Skipped!
$RECURSIVE Found, HDR.FLAGS updated !
Inserting: /usr/local/sdsys/GPL.BP/SYSCOM.H
Inserting: /usr/local/sdsys/SYSCOM/KEYS.H
pass 2 - build token dictionary for: /home/don/sdscripts_ai/sdb_ai/sd64/pass1
compile: /home/don/sdscripts_ai/sdb_ai/sd64/pass2
131 to  process
comp finish
saving code_image to: /usr/local/sdsys/PCODE.OUT/_EXTENDLIST
complete

INFO:__main__:**********************************************************************
INFO:__main__:['/usr/local/sdsys', 'GPL.BP/_FMTS', 'PCODE.OUT/_FMTS']
pass 1 - resolve include files in: /usr/local/sdsys/GPL.BP/_FMTS
$INTERNAL Found, HDR.FLAGS updated !
Unknown Directive: $NO.SYMBOLS Skipped!
Unknown Directive: $NO.XREF Skipped!
$RECURSIVE Found, HDR.FLAGS updated !
pass 2 - build token dictionary for: /home/don/sdscripts_ai/sdb_ai/sd64/pass1
compile: /home/don/sdscripts_ai/sdb_ai/sd64/pass2
47 to  process
comp finish
saving code_image to: /usr/local/sdsys/PCODE.OUT/_FMTS
complete

INFO:__main__:**********************************************************************
INFO:__main__:['/usr/local/sdsys', 'GPL.BP/_FOLD', 'PCODE.OUT/_FOLD']
pass 1 - resolve include files in: /usr/local/sdsys/GPL.BP/_FOLD
$INTERNAL Found, HDR.FLAGS updated !
Unknown Directive: $NO.SYMBOLS Skipped!
Unknown Directive: $NO.XREF Skipped!
$RECURSIVE Found, HDR.FLAGS updated !
pass 2 - build token dictionary for: /home/don/sdscripts_ai/sdb_ai/sd64/pass1
compile: /home/don/sdscripts_ai/sdb_ai/sd64/pass2
68 to  process
comp finish
saving code_image to: /usr/local/sdsys/PCODE.OUT/_FOLD
complete

INFO:__main__:**********************************************************************
INFO:__main__:['/usr/local/sdsys', 'GPL.BP/_FORMCSV', 'PCODE.OUT/_FORMCSV']
pass 1 - resolve include files in: /usr/local/sdsys/GPL.BP/_FORMCSV
$INTERNAL Found, HDR.FLAGS updated !
Unknown Directive: $NO.SYMBOLS Skipped!
Unknown Directive: $NO.XREF Skipped!
$RECURSIVE Found, HDR.FLAGS updated !
pass 2 - build token dictionary for: /home/don/sdscripts_ai/sdb_ai/sd64/pass1
compile: /home/don/sdscripts_ai/sdb_ai/sd64/pass2
47 to  process
comp finish
saving code_image to: /usr/local/sdsys/PCODE.OUT/_FORMCSV
complete

INFO:__main__:**********************************************************************
INFO:__main__:['/usr/local/sdsys', 'GPL.BP/_FORMLST', 'PCODE.OUT/_FORMLST']
pass 1 - resolve include files in: /usr/local/sdsys/GPL.BP/_FORMLST
$INTERNAL Found, HDR.FLAGS updated !
Unknown Directive: $NO.SYMBOLS Skipped!
Unknown Directive: $NO.XREF Skipped!
$RECURSIVE Found, HDR.FLAGS updated !
Inserting: /usr/local/sdsys/GPL.BP/SYSCOM.H
pass 2 - build token dictionary for: /home/don/sdscripts_ai/sdb_ai/sd64/pass1
compile: /home/don/sdscripts_ai/sdb_ai/sd64/pass2
124 to  process
comp finish
saving code_image to: /usr/local/sdsys/PCODE.OUT/_FORMLST
complete

INFO:__main__:**********************************************************************
INFO:__main__:['/usr/local/sdsys', 'GPL.BP/_GETLIST', 'PCODE.OUT/_GETLIST']
pass 1 - resolve include files in: /usr/local/sdsys/GPL.BP/_GETLIST
$INTERNAL Found, HDR.FLAGS updated !
Unknown Directive: $NO.SYMBOLS Skipped!
Unknown Directive: $NO.XREF Skipped!
$RECURSIVE Found, HDR.FLAGS updated !
Inserting: /usr/local/sdsys/GPL.BP/SYSCOM.H
pass 2 - build token dictionary for: /home/don/sdscripts_ai/sdb_ai/sd64/pass1
compile: /home/don/sdscripts_ai/sdb_ai/sd64/pass2
128 to  process
comp finish
saving code_image to: /usr/local/sdsys/PCODE.OUT/_GETLIST
complete

INFO:__main__:**********************************************************************
INFO:__main__:['/usr/local/sdsys', 'GPL.BP/_GETMSG', 'PCODE.OUT/_GETMSG']
pass 1 - resolve include files in: /usr/local/sdsys/GPL.BP/_GETMSG
$INTERNAL Found, HDR.FLAGS updated !
$RECURSIVE Found, HDR.FLAGS updated !
Unknown Directive: $NO.SYMBOLS Skipped!
Unknown Directive: $NO.XREF Skipped!
Inserting: /usr/local/sdsys/GPL.BP/SYSCOM.H
Inserting: /usr/local/sdsys/SYSCOM/KEYS.H
Inserting: /usr/local/sdsys/GPL.BP/INT$KEYS.H
pass 2 - build token dictionary for: /home/don/sdscripts_ai/sdb_ai/sd64/pass1
compile: /home/don/sdscripts_ai/sdb_ai/sd64/pass2
132 to  process
comp finish
saving code_image to: /usr/local/sdsys/PCODE.OUT/_GETMSG
complete

INFO:__main__:**********************************************************************
INFO:__main__:['/usr/local/sdsys', 'GPL.BP/_HF', 'PCODE.OUT/_HF']
pass 1 - resolve include files in: /usr/local/sdsys/GPL.BP/_HF
$INTERNAL Found, HDR.FLAGS updated !
Unknown Directive: $NO.SYMBOLS Skipped!
Unknown Directive: $NO.XREF Skipped!
$RECURSIVE Found, HDR.FLAGS updated !
Inserting: /usr/local/sdsys/GPL.BP/SYSCOM.H
Inserting: /usr/local/sdsys/SYSCOM/KEYS.H
Inserting: /usr/local/sdsys/GPL.BP/INT$KEYS.H
Inserting: /usr/local/sdsys/SYSCOM/PCL.H
pass 2 - build token dictionary for: /home/don/sdscripts_ai/sdb_ai/sd64/pass1
compile: /home/don/sdscripts_ai/sdb_ai/sd64/pass2
373 to  process
comp finish
saving code_image to: /usr/local/sdsys/PCODE.OUT/_HF
complete

INFO:__main__:**********************************************************************
INFO:__main__:['/usr/local/sdsys', 'GPL.BP/_ICONV', 'PCODE.OUT/_ICONV']
pass 1 - resolve include files in: /usr/local/sdsys/GPL.BP/_ICONV
$INTERNAL Found, HDR.FLAGS updated !
Unknown Directive: $NO.SYMBOLS Skipped!
Unknown Directive: $NO.XREF Skipped!
$RECURSIVE Found, HDR.FLAGS updated !
Inserting: /usr/local/sdsys/GPL.BP/SYSCOM.H
pass 2 - build token dictionary for: /home/don/sdscripts_ai/sdb_ai/sd64/pass1
compile: /home/don/sdscripts_ai/sdb_ai/sd64/pass2
130 to  process
comp finish
saving code_image to: /usr/local/sdsys/PCODE.OUT/_ICONV
complete

INFO:__main__:**********************************************************************
INFO:__main__:['/usr/local/sdsys', 'GPL.BP/_ICONVS', 'PCODE.OUT/_ICONVS']
pass 1 - resolve include files in: /usr/local/sdsys/GPL.BP/_ICONVS
$INTERNAL Found, HDR.FLAGS updated !
Unknown Directive: $NO.SYMBOLS Skipped!
Unknown Directive: $NO.XREF Skipped!
$RECURSIVE Found, HDR.FLAGS updated !
pass 2 - build token dictionary for: /home/don/sdscripts_ai/sdb_ai/sd64/pass1
compile: /home/don/sdscripts_ai/sdb_ai/sd64/pass2
47 to  process
comp finish
saving code_image to: /usr/local/sdsys/PCODE.OUT/_ICONVS
complete

INFO:__main__:**********************************************************************
INFO:__main__:['/usr/local/sdsys', 'GPL.BP/_IN', 'PCODE.OUT/_IN']
pass 1 - resolve include files in: /usr/local/sdsys/GPL.BP/_IN
$INTERNAL Found, HDR.FLAGS updated !
Unknown Directive: $NO.SYMBOLS Skipped!
Unknown Directive: $NO.XREF Skipped!
$RECURSIVE Found, HDR.FLAGS updated !
Inserting: /usr/local/sdsys/GPL.BP/SYSCOM.H
pass 2 - build token dictionary for: /home/don/sdscripts_ai/sdb_ai/sd64/pass1
compile: /home/don/sdscripts_ai/sdb_ai/sd64/pass2
123 to  process
comp finish
saving code_image to: /usr/local/sdsys/PCODE.OUT/_IN
complete

INFO:__main__:**********************************************************************
INFO:__main__:['/usr/local/sdsys', 'GPL.BP/_INDICES', 'PCODE.OUT/_INDICES']
pass 1 - resolve include files in: /usr/local/sdsys/GPL.BP/_INDICES
$INTERNAL Found, HDR.FLAGS updated !
Unknown Directive: $NO.SYMBOLS Skipped!
Unknown Directive: $NO.XREF Skipped!
$RECURSIVE Found, HDR.FLAGS updated !
Inserting: /usr/local/sdsys/GPL.BP/AK_INFO.H
Inserting: /usr/local/sdsys/SYSCOM/DICTDICT.H
pass 2 - build token dictionary for: /home/don/sdscripts_ai/sdb_ai/sd64/pass1
compile: /home/don/sdscripts_ai/sdb_ai/sd64/pass2
104 to  process
comp finish
saving code_image to: /usr/local/sdsys/PCODE.OUT/_INDICES
complete

INFO:__main__:**********************************************************************
INFO:__main__:['/usr/local/sdsys', 'GPL.BP/_INPUT', 'PCODE.OUT/_INPUT']
pass 1 - resolve include files in: /usr/local/sdsys/GPL.BP/_INPUT
$INTERNAL Found, HDR.FLAGS updated !
$RECURSIVE Found, HDR.FLAGS updated !
Unknown Directive: $NO.SYMBOLS Skipped!
Unknown Directive: $NO.XREF Skipped!
$FLAG: ALLOW.BREAK, HDR.FLAGS updated !
Inserting: /usr/local/sdsys/GPL.BP/SYSCOM.H
Inserting: /usr/local/sdsys/GPL.BP/INT$KEYS.H
Inserting: /usr/local/sdsys/SYSCOM/KEYS.H
Inserting: /usr/local/sdsys/SYSCOM/KEYIN.H
Inserting: /usr/local/sdsys/SYSCOM/ERR.H
pass 2 - build token dictionary for: /home/don/sdscripts_ai/sdb_ai/sd64/pass1
compile: /home/don/sdscripts_ai/sdb_ai/sd64/pass2
255 to  process
comp finish
saving code_image to: /usr/local/sdsys/PCODE.OUT/_INPUT
complete

INFO:__main__:**********************************************************************
INFO:__main__:['/usr/local/sdsys', 'GPL.BP/_INPUTAT', 'PCODE.OUT/_INPUTAT']
pass 1 - resolve include files in: /usr/local/sdsys/GPL.BP/_INPUTAT
$INTERNAL Found, HDR.FLAGS updated !
Unknown Directive: $NO.SYMBOLS Skipped!
Unknown Directive: $NO.XREF Skipped!
$RECURSIVE Found, HDR.FLAGS updated !
$FLAG: ALLOW.BREAK, HDR.FLAGS updated !
Inserting: /usr/local/sdsys/GPL.BP/SYSCOM.H
Inserting: /usr/local/sdsys/GPL.BP/INT$KEYS.H
Inserting: /usr/local/sdsys/SYSCOM/KEYS.H
Inserting: /usr/local/sdsys/SYSCOM/KEYIN.H
Inserting: /usr/local/sdsys/SYSCOM/ERR.H
pass 2 - build token dictionary for: /home/don/sdscripts_ai/sdb_ai/sd64/pass1
compile: /home/don/sdscripts_ai/sdb_ai/sd64/pass2
495 to  process
comp finish
saving code_image to: /usr/local/sdsys/PCODE.OUT/_INPUTAT
complete

INFO:__main__:**********************************************************************
INFO:__main__:['/usr/local/sdsys', 'GPL.BP/_ITYPE', 'PCODE.OUT/_ITYPE']
pass 1 - resolve include files in: /usr/local/sdsys/GPL.BP/_ITYPE
$INTERNAL Found, HDR.FLAGS updated !
Unknown Directive: $NO.SYMBOLS Skipped!
Unknown Directive: $NO.XREF Skipped!
$RECURSIVE Found, HDR.FLAGS updated !
Inserting: /usr/local/sdsys/SYSCOM/DICTDICT.H
Inserting: /usr/local/sdsys/SYSCOM/ERR.H
pass 2 - build token dictionary for: /home/don/sdscripts_ai/sdb_ai/sd64/pass1
compile: /home/don/sdscripts_ai/sdb_ai/sd64/pass2
66 to  process
comp finish
saving code_image to: /usr/local/sdsys/PCODE.OUT/_ITYPE
complete

INFO:__main__:**********************************************************************
INFO:__main__:['/usr/local/sdsys', 'GPL.BP/_KEYCODE', 'PCODE.OUT/_KEYCODE']
pass 1 - resolve include files in: /usr/local/sdsys/GPL.BP/_KEYCODE
$INTERNAL Found, HDR.FLAGS updated !
$RECURSIVE Found, HDR.FLAGS updated !
Unknown Directive: $NO.SYMBOLS Skipped!
Unknown Directive: $NO.XREF Skipped!
Inserting: /usr/local/sdsys/GPL.BP/INT$KEYS.H
Inserting: /usr/local/sdsys/SYSCOM/TERMINFO.H
Inserting: /usr/local/sdsys/SYSCOM/KEYIN.H
Inserting: /usr/local/sdsys/GPL.BP/KEYCODE.H
pass 2 - build token dictionary for: /home/don/sdscripts_ai/sdb_ai/sd64/pass1
compile: /home/don/sdscripts_ai/sdb_ai/sd64/pass2
142 to  process
comp finish
saving code_image to: /usr/local/sdsys/PCODE.OUT/_KEYCODE
complete

INFO:__main__:**********************************************************************
INFO:__main__:['/usr/local/sdsys', 'GPL.BP/_KEYEDIT', 'PCODE.OUT/_KEYEDIT']
pass 1 - resolve include files in: /usr/local/sdsys/GPL.BP/_KEYEDIT
$INTERNAL Found, HDR.FLAGS updated !
Unknown Directive: $NO.SYMBOLS Skipped!
Unknown Directive: $NO.XREF Skipped!
$RECURSIVE Found, HDR.FLAGS updated !
Inserting: /usr/local/sdsys/GPL.BP/KEYCODE.H
Inserting: /usr/local/sdsys/SYSCOM/KEYIN.H
pass 2 - build token dictionary for: /home/don/sdscripts_ai/sdb_ai/sd64/pass1
compile: /home/don/sdscripts_ai/sdb_ai/sd64/pass2
98 to  process
comp finish
saving code_image to: /usr/local/sdsys/PCODE.OUT/_KEYEDIT
complete

INFO:__main__:**********************************************************************
INFO:__main__:['/usr/local/sdsys', 'GPL.BP/_MAXIMUM', 'PCODE.OUT/_MAXIMUM']
pass 1 - resolve include files in: /usr/local/sdsys/GPL.BP/_MAXIMUM
$INTERNAL Found, HDR.FLAGS updated !
Unknown Directive: $NO.SYMBOLS Skipped!
Unknown Directive: $NO.XREF Skipped!
$RECURSIVE Found, HDR.FLAGS updated !
pass 2 - build token dictionary for: /home/don/sdscripts_ai/sdb_ai/sd64/pass1
compile: /home/don/sdscripts_ai/sdb_ai/sd64/pass2
52 to  process
comp finish
saving code_image to: /usr/local/sdsys/PCODE.OUT/_MAXIMUM
complete

INFO:__main__:**********************************************************************
INFO:__main__:['/usr/local/sdsys', 'GPL.BP/_MESSAGE', 'PCODE.OUT/_MESSAGE']
pass 1 - resolve include files in: /usr/local/sdsys/GPL.BP/_MESSAGE
$INTERNAL Found, HDR.FLAGS updated !
$RECURSIVE Found, HDR.FLAGS updated !
Unknown Directive: $NO.SYMBOLS Skipped!
Unknown Directive: $NO.XREF Skipped!
Inserting: /usr/local/sdsys/GPL.BP/SYSCOM.H
Inserting: /usr/local/sdsys/SYSCOM/KEYS.H
Inserting: /usr/local/sdsys/GPL.BP/INT$KEYS.H
pass 2 - build token dictionary for: /home/don/sdscripts_ai/sdb_ai/sd64/pass1
compile: /home/don/sdscripts_ai/sdb_ai/sd64/pass2
198 to  process
comp finish
saving code_image to: /usr/local/sdsys/PCODE.OUT/_MESSAGE
complete

INFO:__main__:**********************************************************************
INFO:__main__:['/usr/local/sdsys', 'GPL.BP/_MINIMUM', 'PCODE.OUT/_MINIMUM']
pass 1 - resolve include files in: /usr/local/sdsys/GPL.BP/_MINIMUM
$INTERNAL Found, HDR.FLAGS updated !
Unknown Directive: $NO.SYMBOLS Skipped!
Unknown Directive: $NO.XREF Skipped!
$RECURSIVE Found, HDR.FLAGS updated !
pass 2 - build token dictionary for: /home/don/sdscripts_ai/sdb_ai/sd64/pass1
compile: /home/don/sdscripts_ai/sdb_ai/sd64/pass2
63 to  process
comp finish
saving code_image to: /usr/local/sdsys/PCODE.OUT/_MINIMUM
complete

INFO:__main__:**********************************************************************
INFO:__main__:['/usr/local/sdsys', 'GPL.BP/_MSGARGS', 'PCODE.OUT/_MSGARGS']
pass 1 - resolve include files in: /usr/local/sdsys/GPL.BP/_MSGARGS
$INTERNAL Found, HDR.FLAGS updated !
Unknown Directive: $NO.SYMBOLS Skipped!
Unknown Directive: $NO.XREF Skipped!
$RECURSIVE Found, HDR.FLAGS updated !
pass 2 - build token dictionary for: /home/don/sdscripts_ai/sdb_ai/sd64/pass1
compile: /home/don/sdscripts_ai/sdb_ai/sd64/pass2
65 to  process
comp finish
saving code_image to: /usr/local/sdsys/PCODE.OUT/_MSGARGS
complete

INFO:__main__:**********************************************************************
INFO:__main__:['/usr/local/sdsys', 'GPL.BP/_NEXTPTR', 'PCODE.OUT/_NEXTPTR']
pass 1 - resolve include files in: /usr/local/sdsys/GPL.BP/_NEXTPTR
$INTERNAL Found, HDR.FLAGS updated !
Unknown Directive: $NO.SYMBOLS Skipped!
Unknown Directive: $NO.XREF Skipped!
$RECURSIVE Found, HDR.FLAGS updated !
pass 2 - build token dictionary for: /home/don/sdscripts_ai/sdb_ai/sd64/pass1
compile: /home/don/sdscripts_ai/sdb_ai/sd64/pass2
46 to  process
comp finish
saving code_image to: /usr/local/sdsys/PCODE.OUT/_NEXTPTR
complete

INFO:__main__:**********************************************************************
INFO:__main__:['/usr/local/sdsys', 'GPL.BP/_OCONV', 'PCODE.OUT/_OCONV']
pass 1 - resolve include files in: /usr/local/sdsys/GPL.BP/_OCONV
$INTERNAL Found, HDR.FLAGS updated !
Unknown Directive: $NO.SYMBOLS Skipped!
Unknown Directive: $NO.XREF Skipped!
$RECURSIVE Found, HDR.FLAGS updated !
Inserting: /usr/local/sdsys/GPL.BP/SYSCOM.H
pass 2 - build token dictionary for: /home/don/sdscripts_ai/sdb_ai/sd64/pass1
compile: /home/don/sdscripts_ai/sdb_ai/sd64/pass2
130 to  process
comp finish
saving code_image to: /usr/local/sdsys/PCODE.OUT/_OCONV
complete

INFO:__main__:**********************************************************************
INFO:__main__:['/usr/local/sdsys', 'GPL.BP/_OCONVS', 'PCODE.OUT/_OCONVS']
pass 1 - resolve include files in: /usr/local/sdsys/GPL.BP/_OCONVS
$INTERNAL Found, HDR.FLAGS updated !
Unknown Directive: $NO.SYMBOLS Skipped!
Unknown Directive: $NO.XREF Skipped!
$RECURSIVE Found, HDR.FLAGS updated !
pass 2 - build token dictionary for: /home/don/sdscripts_ai/sdb_ai/sd64/pass1
compile: /home/don/sdscripts_ai/sdb_ai/sd64/pass2
47 to  process
comp finish
saving code_image to: /usr/local/sdsys/PCODE.OUT/_OCONVS
complete

INFO:__main__:**********************************************************************
INFO:__main__:['/usr/local/sdsys', 'GPL.BP/_OJOIN', 'PCODE.OUT/_OJOIN']
pass 1 - resolve include files in: /usr/local/sdsys/GPL.BP/_OJOIN
$INTERNAL Found, HDR.FLAGS updated !
Unknown Directive: $NO.SYMBOLS Skipped!
Unknown Directive: $NO.XREF Skipped!
$RECURSIVE Found, HDR.FLAGS updated !
pass 2 - build token dictionary for: /home/don/sdscripts_ai/sdb_ai/sd64/pass1
compile: /home/don/sdscripts_ai/sdb_ai/sd64/pass2
49 to  process
comp finish
saving code_image to: /usr/local/sdsys/PCODE.OUT/_OJOIN
complete

INFO:__main__:**********************************************************************
INFO:__main__:['/usr/local/sdsys', 'GPL.BP/_OVERLAY', 'PCODE.OUT/_OVERLAY']
pass 1 - resolve include files in: /usr/local/sdsys/GPL.BP/_OVERLAY
$INTERNAL Found, HDR.FLAGS updated !
Unknown Directive: $NO.SYMBOLS Skipped!
Unknown Directive: $NO.XREF Skipped!
$RECURSIVE Found, HDR.FLAGS updated !
Inserting: /usr/local/sdsys/GPL.BP/SYSCOM.H
Inserting: /usr/local/sdsys/SYSCOM/KEYS.H
pass 2 - build token dictionary for: /home/don/sdscripts_ai/sdb_ai/sd64/pass1
compile: /home/don/sdscripts_ai/sdb_ai/sd64/pass2
123 to  process
comp finish
saving code_image to: /usr/local/sdsys/PCODE.OUT/_OVERLAY
complete

INFO:__main__:**********************************************************************
INFO:__main__:['/usr/local/sdsys', 'GPL.BP/_PCLSTART', 'PCODE.OUT/_PCLSTART']
pass 1 - resolve include files in: /usr/local/sdsys/GPL.BP/_PCLSTART
$INTERNAL Found, HDR.FLAGS updated !
Unknown Directive: $NO.SYMBOLS Skipped!
Unknown Directive: $NO.XREF Skipped!
$RECURSIVE Found, HDR.FLAGS updated !
Inserting: /usr/local/sdsys/GPL.BP/SYSCOM.H
Inserting: /usr/local/sdsys/SYSCOM/KEYS.H
Inserting: /usr/local/sdsys/GPL.BP/INT$KEYS.H
Inserting: /usr/local/sdsys/SYSCOM/PCL.H
pass 2 - build token dictionary for: /home/don/sdscripts_ai/sdb_ai/sd64/pass1
compile: /home/don/sdscripts_ai/sdb_ai/sd64/pass2
173 to  process
comp finish
saving code_image to: /usr/local/sdsys/PCODE.OUT/_PCLSTART
complete

INFO:__main__:**********************************************************************
INFO:__main__:['/usr/local/sdsys', 'GPL.BP/_PREFIX', 'PCODE.OUT/_PREFIX']
pass 1 - resolve include files in: /usr/local/sdsys/GPL.BP/_PREFIX
$INTERNAL Found, HDR.FLAGS updated !
Unknown Directive: $NO.SYMBOLS Skipped!
Unknown Directive: $NO.XREF Skipped!
$RECURSIVE Found, HDR.FLAGS updated !
Inserting: /usr/local/sdsys/SYSCOM/KEYS.H
pass 2 - build token dictionary for: /home/don/sdscripts_ai/sdb_ai/sd64/pass1
compile: /home/don/sdscripts_ai/sdb_ai/sd64/pass2
48 to  process
comp finish
saving code_image to: /usr/local/sdsys/PCODE.OUT/_PREFIX
complete

INFO:__main__:**********************************************************************
INFO:__main__:['/usr/local/sdsys', 'GPL.BP/_PRFILE', 'PCODE.OUT/_PRFILE']
pass 1 - resolve include files in: /usr/local/sdsys/GPL.BP/_PRFILE
$INTERNAL Found, HDR.FLAGS updated !
Unknown Directive: $NO.SYMBOLS Skipped!
Unknown Directive: $NO.XREF Skipped!
$RECURSIVE Found, HDR.FLAGS updated !
Inserting: /usr/local/sdsys/SYSCOM/ERR.H
Inserting: /usr/local/sdsys/SYSCOM/KEYS.H
Inserting: /usr/local/sdsys/GPL.BP/INT$KEYS.H
pass 2 - build token dictionary for: /home/don/sdscripts_ai/sdb_ai/sd64/pass1
compile: /home/don/sdscripts_ai/sdb_ai/sd64/pass2
79 to  process
comp finish
saving code_image to: /usr/local/sdsys/PCODE.OUT/_PRFILE
complete

INFO:__main__:**********************************************************************
INFO:__main__:['/usr/local/sdsys', 'GPL.BP/_READLST', 'PCODE.OUT/_READLST']
pass 1 - resolve include files in: /usr/local/sdsys/GPL.BP/_READLST
$INTERNAL Found, HDR.FLAGS updated !
Unknown Directive: $NO.SYMBOLS Skipped!
Unknown Directive: $NO.XREF Skipped!
$RECURSIVE Found, HDR.FLAGS updated !
Inserting: /usr/local/sdsys/GPL.BP/SYSCOM.H
Inserting: /usr/local/sdsys/SYSCOM/KEYS.H
pass 2 - build token dictionary for: /home/don/sdscripts_ai/sdb_ai/sd64/pass1
compile: /home/don/sdscripts_ai/sdb_ai/sd64/pass2
135 to  process
comp finish
saving code_image to: /usr/local/sdsys/PCODE.OUT/_READLST
complete

INFO:__main__:**********************************************************************
INFO:__main__:['/usr/local/sdsys', 'GPL.BP/_READV', 'PCODE.OUT/_READV']
pass 1 - resolve include files in: /usr/local/sdsys/GPL.BP/_READV
$INTERNAL Found, HDR.FLAGS updated !
Unknown Directive: $NO.SYMBOLS Skipped!
Unknown Directive: $NO.XREF Skipped!
$RECURSIVE Found, HDR.FLAGS updated !
$FLAG: ALLOW.BREAK, HDR.FLAGS updated !
Inserting: /usr/local/sdsys/GPL.BP/INT$KEYS.H
Inserting: /usr/local/sdsys/SYSCOM/ERR.H
pass 2 - build token dictionary for: /home/don/sdscripts_ai/sdb_ai/sd64/pass1
compile: /home/don/sdscripts_ai/sdb_ai/sd64/pass2
82 to  process
comp finish
saving code_image to: /usr/local/sdsys/PCODE.OUT/_READV
complete

INFO:__main__:**********************************************************************
INFO:__main__:['/usr/local/sdsys', 'GPL.BP/_REPADD', 'PCODE.OUT/_REPADD']
pass 1 - resolve include files in: /usr/local/sdsys/GPL.BP/_REPADD
$INTERNAL Found, HDR.FLAGS updated !
Unknown Directive: $NO.SYMBOLS Skipped!
Unknown Directive: $NO.XREF Skipped!
$RECURSIVE Found, HDR.FLAGS updated !
pass 2 - build token dictionary for: /home/don/sdscripts_ai/sdb_ai/sd64/pass1
compile: /home/don/sdscripts_ai/sdb_ai/sd64/pass2
38 to  process
comp finish
saving code_image to: /usr/local/sdsys/PCODE.OUT/_REPADD
complete

INFO:__main__:**********************************************************************
INFO:__main__:['/usr/local/sdsys', 'GPL.BP/_REPCAT', 'PCODE.OUT/_REPCAT']
pass 1 - resolve include files in: /usr/local/sdsys/GPL.BP/_REPCAT
$INTERNAL Found, HDR.FLAGS updated !
Unknown Directive: $NO.SYMBOLS Skipped!
Unknown Directive: $NO.XREF Skipped!
$RECURSIVE Found, HDR.FLAGS updated !
pass 2 - build token dictionary for: /home/don/sdscripts_ai/sdb_ai/sd64/pass1
compile: /home/don/sdscripts_ai/sdb_ai/sd64/pass2
38 to  process
comp finish
saving code_image to: /usr/local/sdsys/PCODE.OUT/_REPCAT
complete

INFO:__main__:**********************************************************************
INFO:__main__:['/usr/local/sdsys', 'GPL.BP/_REPDIV', 'PCODE.OUT/_REPDIV']
pass 1 - resolve include files in: /usr/local/sdsys/GPL.BP/_REPDIV
$INTERNAL Found, HDR.FLAGS updated !
Unknown Directive: $NO.SYMBOLS Skipped!
Unknown Directive: $NO.XREF Skipped!
$RECURSIVE Found, HDR.FLAGS updated !
pass 2 - build token dictionary for: /home/don/sdscripts_ai/sdb_ai/sd64/pass1
compile: /home/don/sdscripts_ai/sdb_ai/sd64/pass2
38 to  process
comp finish
saving code_image to: /usr/local/sdsys/PCODE.OUT/_REPDIV
complete

INFO:__main__:**********************************************************************
INFO:__main__:['/usr/local/sdsys', 'GPL.BP/_REPMUL', 'PCODE.OUT/_REPMUL']
pass 1 - resolve include files in: /usr/local/sdsys/GPL.BP/_REPMUL
$INTERNAL Found, HDR.FLAGS updated !
Unknown Directive: $NO.SYMBOLS Skipped!
Unknown Directive: $NO.XREF Skipped!
$RECURSIVE Found, HDR.FLAGS updated !
pass 2 - build token dictionary for: /home/don/sdscripts_ai/sdb_ai/sd64/pass1
compile: /home/don/sdscripts_ai/sdb_ai/sd64/pass2
38 to  process
comp finish
saving code_image to: /usr/local/sdsys/PCODE.OUT/_REPMUL
complete

INFO:__main__:**********************************************************************
INFO:__main__:['/usr/local/sdsys', 'GPL.BP/_REPSUB', 'PCODE.OUT/_REPSUB']
pass 1 - resolve include files in: /usr/local/sdsys/GPL.BP/_REPSUB
$INTERNAL Found, HDR.FLAGS updated !
Unknown Directive: $NO.SYMBOLS Skipped!
Unknown Directive: $NO.XREF Skipped!
$RECURSIVE Found, HDR.FLAGS updated !
pass 2 - build token dictionary for: /home/don/sdscripts_ai/sdb_ai/sd64/pass1
compile: /home/don/sdscripts_ai/sdb_ai/sd64/pass2
38 to  process
comp finish
saving code_image to: /usr/local/sdsys/PCODE.OUT/_REPSUB
complete

INFO:__main__:**********************************************************************
INFO:__main__:['/usr/local/sdsys', 'GPL.BP/_REPSUBST', 'PCODE.OUT/_REPSUBST']
pass 1 - resolve include files in: /usr/local/sdsys/GPL.BP/_REPSUBST
$INTERNAL Found, HDR.FLAGS updated !
Unknown Directive: $NO.SYMBOLS Skipped!
Unknown Directive: $NO.XREF Skipped!
$RECURSIVE Found, HDR.FLAGS updated !
pass 2 - build token dictionary for: /home/don/sdscripts_ai/sdb_ai/sd64/pass1
compile: /home/don/sdscripts_ai/sdb_ai/sd64/pass2
42 to  process
comp finish
saving code_image to: /usr/local/sdsys/PCODE.OUT/_REPSUBST
complete

INFO:__main__:**********************************************************************
INFO:__main__:['/usr/local/sdsys', 'GPL.BP/_SAVELST', 'PCODE.OUT/_SAVELST']
pass 1 - resolve include files in: /usr/local/sdsys/GPL.BP/_SAVELST
$INTERNAL Found, HDR.FLAGS updated !
Unknown Directive: $NO.SYMBOLS Skipped!
Unknown Directive: $NO.XREF Skipped!
$RECURSIVE Found, HDR.FLAGS updated !
Inserting: /usr/local/sdsys/GPL.BP/SYSCOM.H
Inserting: /usr/local/sdsys/SYSCOM/KEYS.H
pass 2 - build token dictionary for: /home/don/sdscripts_ai/sdb_ai/sd64/pass1
compile: /home/don/sdscripts_ai/sdb_ai/sd64/pass2
134 to  process
comp finish
saving code_image to: /usr/local/sdsys/PCODE.OUT/_SAVELST
complete

INFO:__main__:**********************************************************************
INFO:__main__:['/usr/local/sdsys', 'GPL.BP/_SSELCT', 'PCODE.OUT/_SSELCT']
pass 1 - resolve include files in: /usr/local/sdsys/GPL.BP/_SSELCT
$INTERNAL Found, HDR.FLAGS updated !
Unknown Directive: $NO.SYMBOLS Skipped!
Unknown Directive: $NO.XREF Skipped!
$RECURSIVE Found, HDR.FLAGS updated !
$FLAG: ALLOW.BREAK, HDR.FLAGS updated !
Inserting: /usr/local/sdsys/GPL.BP/SYSCOM.H
Inserting: /usr/local/sdsys/SYSCOM/ERR.H
Inserting: /usr/local/sdsys/SYSCOM/KEYS.H
Inserting: /usr/local/sdsys/GPL.BP/INT$KEYS.H
pass 2 - build token dictionary for: /home/don/sdscripts_ai/sdb_ai/sd64/pass1
compile: /home/don/sdscripts_ai/sdb_ai/sd64/pass2
140 to  process
comp finish
saving code_image to: /usr/local/sdsys/PCODE.OUT/_SSELCT
complete

INFO:__main__:**********************************************************************
INFO:__main__:['/usr/local/sdsys', 'GPL.BP/_SUBST', 'PCODE.OUT/_SUBST']
pass 1 - resolve include files in: /usr/local/sdsys/GPL.BP/_SUBST
$INTERNAL Found, HDR.FLAGS updated !
Unknown Directive: $NO.SYMBOLS Skipped!
Unknown Directive: $NO.XREF Skipped!
$RECURSIVE Found, HDR.FLAGS updated !
pass 2 - build token dictionary for: /home/don/sdscripts_ai/sdb_ai/sd64/pass1
compile: /home/don/sdscripts_ai/sdb_ai/sd64/pass2
51 to  process
comp finish
saving code_image to: /usr/local/sdsys/PCODE.OUT/_SUBST
complete

INFO:__main__:**********************************************************************
INFO:__main__:['/usr/local/sdsys', 'GPL.BP/_SUBSTRN', 'PCODE.OUT/_SUBSTRN']
pass 1 - resolve include files in: /usr/local/sdsys/GPL.BP/_SUBSTRN
$INTERNAL Found, HDR.FLAGS updated !
Unknown Directive: $NO.SYMBOLS Skipped!
Unknown Directive: $NO.XREF Skipped!
$RECURSIVE Found, HDR.FLAGS updated !
pass 2 - build token dictionary for: /home/don/sdscripts_ai/sdb_ai/sd64/pass1
compile: /home/don/sdscripts_ai/sdb_ai/sd64/pass2
47 to  process
comp finish
saving code_image to: /usr/local/sdsys/PCODE.OUT/_SUBSTRN
complete

INFO:__main__:**********************************************************************
INFO:__main__:['/usr/local/sdsys', 'GPL.BP/_SUM', 'PCODE.OUT/_SUM']
pass 1 - resolve include files in: /usr/local/sdsys/GPL.BP/_SUM
$INTERNAL Found, HDR.FLAGS updated !
Unknown Directive: $NO.SYMBOLS Skipped!
Unknown Directive: $NO.XREF Skipped!
$RECURSIVE Found, HDR.FLAGS updated !
pass 2 - build token dictionary for: /home/don/sdscripts_ai/sdb_ai/sd64/pass1
compile: /home/don/sdscripts_ai/sdb_ai/sd64/pass2
62 to  process
comp finish
saving code_image to: /usr/local/sdsys/PCODE.OUT/_SUM
complete

INFO:__main__:**********************************************************************
INFO:__main__:['/usr/local/sdsys', 'GPL.BP/_SUMALL', 'PCODE.OUT/_SUMALL']
pass 1 - resolve include files in: /usr/local/sdsys/GPL.BP/_SUMALL
$INTERNAL Found, HDR.FLAGS updated !
Unknown Directive: $NO.SYMBOLS Skipped!
Unknown Directive: $NO.XREF Skipped!
$RECURSIVE Found, HDR.FLAGS updated !
pass 2 - build token dictionary for: /home/don/sdscripts_ai/sdb_ai/sd64/pass1
compile: /home/don/sdscripts_ai/sdb_ai/sd64/pass2
49 to  process
comp finish
saving code_image to: /usr/local/sdsys/PCODE.OUT/_SUMALL
complete

INFO:__main__:**********************************************************************
INFO:__main__:['/usr/local/sdsys', 'GPL.BP/_SYSTEM', 'PCODE.OUT/_SYSTEM']
pass 1 - resolve include files in: /usr/local/sdsys/GPL.BP/_SYSTEM
$INTERNAL Found, HDR.FLAGS updated !
Unknown Directive: $NO.SYMBOLS Skipped!
Unknown Directive: $NO.XREF Skipped!
$RECURSIVE Found, HDR.FLAGS updated !
Inserting: /usr/local/sdsys/GPL.BP/SYSCOM.H
pass 2 - build token dictionary for: /home/don/sdscripts_ai/sdb_ai/sd64/pass1
compile: /home/don/sdscripts_ai/sdb_ai/sd64/pass2
124 to  process
comp finish
saving code_image to: /usr/local/sdsys/PCODE.OUT/_SYSTEM
complete

INFO:__main__:**********************************************************************
INFO:__main__:['/usr/local/sdsys', 'GPL.BP/_TCONV', 'PCODE.OUT/_TCONV']
pass 1 - resolve include files in: /usr/local/sdsys/GPL.BP/_TCONV
$INTERNAL Found, HDR.FLAGS updated !
Unknown Directive: $NO.SYMBOLS Skipped!
Unknown Directive: $NO.XREF Skipped!
$RECURSIVE Found, HDR.FLAGS updated !
pass 2 - build token dictionary for: /home/don/sdscripts_ai/sdb_ai/sd64/pass1
compile: /home/don/sdscripts_ai/sdb_ai/sd64/pass2
112 to  process
comp finish
saving code_image to: /usr/local/sdsys/PCODE.OUT/_TCONV
complete

INFO:__main__:**********************************************************************
INFO:__main__:['/usr/local/sdsys', 'GPL.BP/_TRANS', 'PCODE.OUT/_TRANS']
pass 1 - resolve include files in: /usr/local/sdsys/GPL.BP/_TRANS
$INTERNAL Found, HDR.FLAGS updated !
Unknown Directive: $NO.SYMBOLS Skipped!
Unknown Directive: $NO.XREF Skipped!
$RECURSIVE Found, HDR.FLAGS updated !
Inserting: /usr/local/sdsys/SYSCOM/DICTDICT.H
Inserting: /usr/local/sdsys/GPL.BP/SYSCOM.H
pass 2 - build token dictionary for: /home/don/sdscripts_ai/sdb_ai/sd64/pass1
compile: /home/don/sdscripts_ai/sdb_ai/sd64/pass2
199 to  process
comp finish
saving code_image to: /usr/local/sdsys/PCODE.OUT/_TRANS
complete

INFO:__main__:**********************************************************************
INFO:__main__:['/usr/local/sdsys', 'GPL.BP/_VOC_CAT', 'PCODE.OUT/_VOC_CAT']
pass 1 - resolve include files in: /usr/local/sdsys/GPL.BP/_VOC_CAT
$INTERNAL Found, HDR.FLAGS updated !
Unknown Directive: $NO.SYMBOLS Skipped!
Unknown Directive: $NO.XREF Skipped!
$RECURSIVE Found, HDR.FLAGS updated !
Inserting: /usr/local/sdsys/GPL.BP/INT$KEYS.H
pass 2 - build token dictionary for: /home/don/sdscripts_ai/sdb_ai/sd64/pass1
compile: /home/don/sdscripts_ai/sdb_ai/sd64/pass2
52 to  process
comp finish
saving code_image to: /usr/local/sdsys/PCODE.OUT/_VOC_CAT
complete

INFO:__main__:**********************************************************************
INFO:__main__:['/usr/local/sdsys', 'GPL.BP/_VOC_REF', 'PCODE.OUT/_VOC_REF']
pass 1 - resolve include files in: /usr/local/sdsys/GPL.BP/_VOC_REF
$INTERNAL Found, HDR.FLAGS updated !
Unknown Directive: $NO.SYMBOLS Skipped!
Unknown Directive: $NO.XREF Skipped!
$RECURSIVE Found, HDR.FLAGS updated !
Inserting: /usr/local/sdsys/GPL.BP/SYSCOM.H
Inserting: /usr/local/sdsys/SYSCOM/ERR.H
Inserting: /usr/local/sdsys/GPL.BP/INT$KEYS.H
Inserting: /usr/local/sdsys/SYSCOM/KEYS.H
pass 2 - build token dictionary for: /home/don/sdscripts_ai/sdb_ai/sd64/pass1
compile: /home/don/sdscripts_ai/sdb_ai/sd64/pass2
317 to  process
comp finish
saving code_image to: /usr/local/sdsys/PCODE.OUT/_VOC_REF
complete

INFO:__main__:**********************************************************************
INFO:__main__:['/usr/local/sdsys', 'GPL.BP/_WRITEV', 'PCODE.OUT/_WRITEV']
pass 1 - resolve include files in: /usr/local/sdsys/GPL.BP/_WRITEV
$INTERNAL Found, HDR.FLAGS updated !
Unknown Directive: $NO.SYMBOLS Skipped!
Unknown Directive: $NO.XREF Skipped!
$RECURSIVE Found, HDR.FLAGS updated !
pass 2 - build token dictionary for: /home/don/sdscripts_ai/sdb_ai/sd64/pass1
compile: /home/don/sdscripts_ai/sdb_ai/sd64/pass2
52 to  process
comp finish
saving code_image to: /usr/local/sdsys/PCODE.OUT/_WRITEV
complete

INFO:__main__:Finished
